// Jest Snapshot v1, https://goo.gl/fbAQLP

exports[`Flex renders correctly 1`] = `
.c0 {
  display: -webkit-box;
  display: -webkit-flex;
  display: -ms-flexbox;
  display: flex;
}

<div
  class="c0"
/>
`;
