// Jest Snapshot v1, https://goo.gl/fbAQLP

exports[`Grid renders consistently 1`] = `
.c0 {
  display: grid;
}

<div
  class="c0"
/>
`;
